../Drivers/STM32F1xx_HAL_Driver/Src/stm32f1xx_hal_uart.c:352:19:HAL_UART_Init	16	static
../Drivers/STM32F1xx_HAL_Driver/Src/stm32f1xx_hal_uart.c:429:19:HAL_HalfDuplex_Init	16	static
../Drivers/STM32F1xx_HAL_Driver/Src/stm32f1xx_hal_uart.c:504:19:HAL_LIN_Init	16	static
../Drivers/STM32F1xx_HAL_Driver/Src/stm32f1xx_hal_uart.c:587:19:HAL_MultiProcessor_Init	24	static
../Drivers/STM32F1xx_HAL_Driver/Src/stm32f1xx_hal_uart.c:666:19:HAL_UART_DeInit	16	static
../Drivers/STM32F1xx_HAL_Driver/Src/stm32f1xx_hal_uart.c:711:13:HAL_UART_MspInit	16	static
../Drivers/STM32F1xx_HAL_Driver/Src/stm32f1xx_hal_uart.c:726:13:HAL_UART_MspDeInit	16	static
../Drivers/STM32F1xx_HAL_Driver/Src/stm32f1xx_hal_uart.c:1136:19:HAL_UART_Transmit	48	static
../Drivers/STM32F1xx_HAL_Driver/Src/stm32f1xx_hal_uart.c:1225:19:HAL_UART_Receive	48	static
../Drivers/STM32F1xx_HAL_Driver/Src/stm32f1xx_hal_uart.c:1316:19:HAL_UART_Transmit_IT	24	static
../Drivers/STM32F1xx_HAL_Driver/Src/stm32f1xx_hal_uart.c:1361:19:HAL_UART_Receive_IT	24	static
../Drivers/STM32F1xx_HAL_Driver/Src/stm32f1xx_hal_uart.c:1396:19:HAL_UART_Transmit_DMA	32	static
../Drivers/STM32F1xx_HAL_Driver/Src/stm32f1xx_hal_uart.c:1464:19:HAL_UART_Receive_DMA	24	static
../Drivers/STM32F1xx_HAL_Driver/Src/stm32f1xx_hal_uart.c:1494:19:HAL_UART_DMAPause	24	static
../Drivers/STM32F1xx_HAL_Driver/Src/stm32f1xx_hal_uart.c:1531:19:HAL_UART_DMAResume	24	static
../Drivers/STM32F1xx_HAL_Driver/Src/stm32f1xx_hal_uart.c:1567:19:HAL_UART_DMAStop	24	static
../Drivers/STM32F1xx_HAL_Driver/Src/stm32f1xx_hal_uart.c:1622:19:HAL_UARTEx_ReceiveToIdle	40	static
../Drivers/STM32F1xx_HAL_Driver/Src/stm32f1xx_hal_uart.c:1748:19:HAL_UARTEx_ReceiveToIdle_IT	32	static
../Drivers/STM32F1xx_HAL_Driver/Src/stm32f1xx_hal_uart.c:1809:19:HAL_UARTEx_ReceiveToIdle_DMA	32	static
../Drivers/STM32F1xx_HAL_Driver/Src/stm32f1xx_hal_uart.c:1866:19:HAL_UART_Abort	16	static
../Drivers/STM32F1xx_HAL_Driver/Src/stm32f1xx_hal_uart.c:1955:19:HAL_UART_AbortTransmit	16	static
../Drivers/STM32F1xx_HAL_Driver/Src/stm32f1xx_hal_uart.c:2006:19:HAL_UART_AbortReceive	16	static
../Drivers/STM32F1xx_HAL_Driver/Src/stm32f1xx_hal_uart.c:2067:19:HAL_UART_Abort_IT	24	static
../Drivers/STM32F1xx_HAL_Driver/Src/stm32f1xx_hal_uart.c:2202:19:HAL_UART_AbortTransmit_IT	16	static
../Drivers/STM32F1xx_HAL_Driver/Src/stm32f1xx_hal_uart.c:2279:19:HAL_UART_AbortReceive_IT	16	static
../Drivers/STM32F1xx_HAL_Driver/Src/stm32f1xx_hal_uart.c:2357:6:HAL_UART_IRQHandler	48	static
../Drivers/STM32F1xx_HAL_Driver/Src/stm32f1xx_hal_uart.c:2587:13:HAL_UART_TxCpltCallback	16	static
../Drivers/STM32F1xx_HAL_Driver/Src/stm32f1xx_hal_uart.c:2602:13:HAL_UART_TxHalfCpltCallback	16	static
../Drivers/STM32F1xx_HAL_Driver/Src/stm32f1xx_hal_uart.c:2617:13:HAL_UART_RxCpltCallback	16	static
../Drivers/STM32F1xx_HAL_Driver/Src/stm32f1xx_hal_uart.c:2632:13:HAL_UART_RxHalfCpltCallback	16	static
../Drivers/STM32F1xx_HAL_Driver/Src/stm32f1xx_hal_uart.c:2647:13:HAL_UART_ErrorCallback	16	static
../Drivers/STM32F1xx_HAL_Driver/Src/stm32f1xx_hal_uart.c:2661:13:HAL_UART_AbortCpltCallback	16	static
../Drivers/STM32F1xx_HAL_Driver/Src/stm32f1xx_hal_uart.c:2676:13:HAL_UART_AbortTransmitCpltCallback	16	static
../Drivers/STM32F1xx_HAL_Driver/Src/stm32f1xx_hal_uart.c:2691:13:HAL_UART_AbortReceiveCpltCallback	16	static
../Drivers/STM32F1xx_HAL_Driver/Src/stm32f1xx_hal_uart.c:2708:13:HAL_UARTEx_RxEventCallback	16	static
../Drivers/STM32F1xx_HAL_Driver/Src/stm32f1xx_hal_uart.c:2748:19:HAL_LIN_SendBreak	16	static
../Drivers/STM32F1xx_HAL_Driver/Src/stm32f1xx_hal_uart.c:2775:19:HAL_MultiProcessor_EnterMuteMode	16	static
../Drivers/STM32F1xx_HAL_Driver/Src/stm32f1xx_hal_uart.c:2802:19:HAL_MultiProcessor_ExitMuteMode	16	static
../Drivers/STM32F1xx_HAL_Driver/Src/stm32f1xx_hal_uart.c:2829:19:HAL_HalfDuplex_EnableTransmitter	24	static
../Drivers/STM32F1xx_HAL_Driver/Src/stm32f1xx_hal_uart.c:2864:19:HAL_HalfDuplex_EnableReceiver	24	static
../Drivers/STM32F1xx_HAL_Driver/Src/stm32f1xx_hal_uart.c:2921:23:HAL_UART_GetState	24	static
../Drivers/STM32F1xx_HAL_Driver/Src/stm32f1xx_hal_uart.c:2936:10:HAL_UART_GetError	16	static
../Drivers/STM32F1xx_HAL_Driver/Src/stm32f1xx_hal_uart.c:2981:13:UART_DMATransmitCplt	24	static
../Drivers/STM32F1xx_HAL_Driver/Src/stm32f1xx_hal_uart.c:3016:13:UART_DMATxHalfCplt	24	static
../Drivers/STM32F1xx_HAL_Driver/Src/stm32f1xx_hal_uart.c:3035:13:UART_DMAReceiveCplt	24	static
../Drivers/STM32F1xx_HAL_Driver/Src/stm32f1xx_hal_uart.c:3092:13:UART_DMARxHalfCplt	24	static
../Drivers/STM32F1xx_HAL_Driver/Src/stm32f1xx_hal_uart.c:3127:13:UART_DMAError	24	static
../Drivers/STM32F1xx_HAL_Driver/Src/stm32f1xx_hal_uart.c:3168:26:UART_WaitOnFlagUntilTimeout	24	static
../Drivers/STM32F1xx_HAL_Driver/Src/stm32f1xx_hal_uart.c:3206:19:UART_Start_Receive_IT	24	static
../Drivers/STM32F1xx_HAL_Driver/Src/stm32f1xx_hal_uart.c:3241:19:UART_Start_Receive_DMA	32	static
../Drivers/STM32F1xx_HAL_Driver/Src/stm32f1xx_hal_uart.c:3291:13:UART_EndTxTransfer	16	static
../Drivers/STM32F1xx_HAL_Driver/Src/stm32f1xx_hal_uart.c:3305:13:UART_EndRxTransfer	16	static
../Drivers/STM32F1xx_HAL_Driver/Src/stm32f1xx_hal_uart.c:3329:13:UART_DMAAbortOnError	24	static
../Drivers/STM32F1xx_HAL_Driver/Src/stm32f1xx_hal_uart.c:3353:13:UART_DMATxAbortCallback	24	static
../Drivers/STM32F1xx_HAL_Driver/Src/stm32f1xx_hal_uart.c:3399:13:UART_DMARxAbortCallback	24	static
../Drivers/STM32F1xx_HAL_Driver/Src/stm32f1xx_hal_uart.c:3445:13:UART_DMATxOnlyAbortCallback	24	static
../Drivers/STM32F1xx_HAL_Driver/Src/stm32f1xx_hal_uart.c:3473:13:UART_DMARxOnlyAbortCallback	24	static
../Drivers/STM32F1xx_HAL_Driver/Src/stm32f1xx_hal_uart.c:3499:26:UART_Transmit_IT	24	static
../Drivers/STM32F1xx_HAL_Driver/Src/stm32f1xx_hal_uart.c:3539:26:UART_EndTransmit_IT	16	static
../Drivers/STM32F1xx_HAL_Driver/Src/stm32f1xx_hal_uart.c:3564:26:UART_Receive_IT	32	static
../Drivers/STM32F1xx_HAL_Driver/Src/stm32f1xx_hal_uart.c:3662:13:UART_SetConfig	24	static
